.LOG

2025-12-16 10:00: First entry with some text
2025-12-16 10:05: Second entry immediately after
2025-12-16 10:10: Third entry with one blank above
2025-12-16 10:15: Fourth entry with two blanks above


2025-12-16 10:20: Fifth entry after multiple blanks
